Microchip MPLAB XC8 Compiler V2.40

Linker command line:

-W-3 \
  --edf=C:\Program Files\Microchip\xc8\v2.40\pic\dat\20220703182018_en.msgs \
  -cn -h+dist/default/production\LCD_CONTROL.X.production.sym \
  --cmf=dist/default/production\LCD_CONTROL.X.production.cmf -z -Q16F877A \
  -oC:\Users\IIIIII~1\AppData\Local\Temp\xcAs4l8.4 --defsym=__MPLAB_BUILD=1 \
  --fixupoverflow=error \
  -Mdist/default/production/LCD_CONTROL.X.production.map \
  --md=C:\Users\IIIIII~1\AppData\Local\Temp\xcAs4l8.dat -E1 \
  -ver=XC8 Compiler --acfsm=1493 -ACODE=00h-07FFhx4 -ASTRCODE=00h-01FFFh \
  -ASTRING=00h-0FFhx32 -ACONST=00h-0FFhx32 -AENTRY=00h-0FFhx32 \
  -ACOMMON=070h-07Fh -ABANK0=020h-06Fh -ABANK1=0A0h-0EFh \
  -ABANK2=0110h-016Fh -ABANK3=0190h-01EFh \
  -ARAM=020h-06Fh,0A0h-0EFh,0110h-016Fh,0190h-01EFh \
  -AABS1=020h-07Fh,0A0h-0EFh,0110h-016Fh,0190h-01EFh -ASFR0=00h-01Fh \
  -ASFR1=080h-09Fh -ASFR2=0100h-010Fh -ASFR3=0180h-018Fh \
  -ACONFIG=02007h-02007h -DCONFIG=2 -AIDLOC=02000h-02003h -DIDLOC=2 \
  -AEEDATA=00h-0FFh/02100h -peeprom_data=EEDATA -DEEDATA=2 -DCODE=2 \
  -DSTRCODE=2 -DSTRING=2 -DCONST=2 -DENTRY=2 \
  -preset_vec=00h,intentry,init,end_init -ppowerup=CODE -pcinit=CODE \
  -pfunctab=ENTRY -k C:\Users\IIIIII~1\AppData\Local\Temp\xcAs4l8.o \
  dist/default/production\LCD_CONTROL.X.production.o 

Object code version is 3.11

Machine type is 16F877A



                Name                               Link     Load   Length Selector   Space Scale
C:\Users\IIIIII~1\AppData\Local\Temp\xcAs4l8.o
                end_init                              0        0        3        0       0
                config                             2007     2007        1        0       4
                idloc                              2000     2000        4        0       5
dist/default/production\LCD_CONTROL.X.production.o
                cinit                               7FC      7FC        4      FF8       0
                config                             2007     2007        1        0       4
                idloc                              2000     2000        4        0       5
                text28                             1EF7     1EF7       22     3DEE       0
                text27                             1EDD     1EDD       1A     3DBA       0
                text26                             1ED0     1ED0        D     3DA0       0
                text25                             1235     1235       5D     246A       0
                text24                                9        9       46       12       0
                text23                             1F89     1F89       35     3F12       0
                text22                             1FBE     1FBE       42     3F7C       0
                text21                             113A     113A       4E     2274       0
                text20                              802      802       A2     1004       0
                text19                             1EC5     1EC5        B     3D8A       0
                text18                             15A8     15A8      258     2B50       0
                text17                             1F19     1F19       24     3E32       0
                text16                             13C1     13C1       78     2782       0
                text15                             12F2     12F2       66     25E4       0
                text14                             1188     1188       54     2310       0
                text13                             1F3D     1F3D       25     3E7A       0
                text12                             14F0     14F0       B8     29E0       0
                text11                              8A4      8A4       B8     1148       0
                text10                             1439     1439       B7     2872       0
                text9                              1F62     1F62       27     3EC4       0
                text8                               95C      95C      345     12B8       0
                text7                              10F6     10F6       44     21EC       0
                text6                              10BC     10BC       3A     2178       0
                text5                                4F       4F      20B       9E       0
                text4                              1358     1358       69     26B0       0
                text3                              11DC     11DC       59     23B8       0
                text2                               CA1      CA1      35F     1942       0
                text1                               25A      25A      5A2      4B4       0
                maintext                           1292     1292       60     2524       0
                cstackBANK0                          20       20       4E       20       1
                cstackCOMMON                         70       70        E       70       1
                cstackBANK1                          A0       A0       3E       A0       1
                strings                            1000     1000       B6     2000       0

TOTAL           Name                               Link     Load   Length     Space
        CLASS   CODE           
                end_init                              0        0        3         0
                cinit                               7FC      7FC        4         0
                text28                             1EF7     1EF7       22         0
                text27                             1EDD     1EDD       1A         0
                text26                             1ED0     1ED0        D         0
                text25                             1235     1235       5D         0
                text24                                9        9       46         0
                text23                             1F89     1F89       35         0
                text22                             1FBE     1FBE       42         0
                text21                             113A     113A       4E         0
                text20                              802      802       A2         0
                text19                             1EC5     1EC5        B         0
                text18                             15A8     15A8      258         0
                text17                             1F19     1F19       24         0
                text16                             13C1     13C1       78         0
                text15                             12F2     12F2       66         0
                text14                             1188     1188       54         0
                text13                             1F3D     1F3D       25         0
                text12                             14F0     14F0       B8         0
                text11                              8A4      8A4       B8         0
                text10                             1439     1439       B7         0
                text9                              1F62     1F62       27         0
                text8                               95C      95C      345         0
                text7                              10F6     10F6       44         0
                text6                              10BC     10BC       3A         0
                text5                                4F       4F      20B         0
                text4                              1358     1358       69         0
                text3                              11DC     11DC       59         0
                text2                               CA1      CA1      35F         0
                text1                               25A      25A      5A2         0
                maintext                           1292     1292       60         0

        CLASS   STRCODE        

        CLASS   STRING         
                strings                            1000     1000       B6         0

        CLASS   CONST          

        CLASS   ENTRY          

        CLASS   COMMON         
                cstackCOMMON                         70       70        E         1

        CLASS   BANK0          
                cstackBANK0                          20       20       4E         1

        CLASS   BANK1          
                cstackBANK1                          A0       A0       3E         1

        CLASS   BANK2          

        CLASS   BANK3          

        CLASS   RAM            

        CLASS   ABS1           
                abs_s1                               7E       7E        2         1

        CLASS   SFR0           

        CLASS   SFR1           

        CLASS   SFR2           

        CLASS   SFR3           

        CLASS   CONFIG         
                config                             2007     2007        1         4

        CLASS   IDLOC          
                idloc                              2000     2000        4         5

        CLASS   EEDATA         

        CLASS   STACK          



SEGMENTS        Name                           Load    Length   Top    Selector   Space  Class     Delta

                reset_vec                      000000  000003  000003         0       0  CODE        2
                text24                         000009  000046  00004F        12       0  CODE        2
                cstackBANK0                    000020  00004E  00006E        20       1  BANK0       1
                cstackCOMMON                   000070  00000E  00007E        70       1  COMMON      1
                text5                          00004F  00020B  00025A        9E       0  CODE        2
                cstackBANK1                    0000A0  00003E  0000DE        A0       1  BANK1       1
                text1                          00025A  0005A2  0007FC       4B4       0  CODE        2
                cinit                          0007FC  000004  000800       FF8       0  CODE        2
                text20                         000802  0000A2  0008A4      1004       0  CODE        2
                text11                         0008A4  0000B8  00095C      1148       0  CODE        2
                text8                          00095C  000345  000CA1      12B8       0  CODE        2
                text2                          000CA1  00035F  001000      1942       0  CODE        2
                strings                        001000  0000B6  0010B6      2000       0  STRING      2
                text6                          0010BC  00003A  0010F6      2178       0  CODE        2
                text7                          0010F6  000044  00113A      21EC       0  CODE        2
                text21                         00113A  00004E  001188      2274       0  CODE        2
                text14                         001188  000054  0011DC      2310       0  CODE        2
                text3                          0011DC  000059  001235      23B8       0  CODE        2
                text25                         001235  00005D  001292      246A       0  CODE        2
                maintext                       001292  000060  0012F2      2524       0  CODE        2
                text15                         0012F2  000066  001358      25E4       0  CODE        2
                text4                          001358  000069  0013C1      26B0       0  CODE        2
                text16                         0013C1  000078  001439      2782       0  CODE        2
                text10                         001439  0000B7  0014F0      2872       0  CODE        2
                text12                         0014F0  0000B8  0015A8      29E0       0  CODE        2
                text18                         0015A8  000258  001800      2B50       0  CODE        2
                text19                         001EC5  00000B  001ED0      3D8A       0  CODE        2
                text26                         001ED0  00000D  001EDD      3DA0       0  CODE        2
                text27                         001EDD  00001A  001EF7      3DBA       0  CODE        2
                text28                         001EF7  000022  001F19      3DEE       0  CODE        2
                text17                         001F19  000024  001F3D      3E32       0  CODE        2
                text13                         001F3D  000025  001F62      3E7A       0  CODE        2
                text9                          001F62  000027  001F89      3EC4       0  CODE        2
                text23                         001F89  000035  001FBE      3F12       0  CODE        2
                text22                         001FBE  000042  002000      3F7C       0  CODE        2


UNUSED ADDRESS RANGES

        Name                Unused          Largest block    Delta
        BANK0            006E-006F              2           1
        BANK1            00DE-00EF             12           1
        BANK2            0110-016F             60           1
        BANK3            0190-01EF             60           1
        CODE             0003-0008              6           2
                         0800-0801              2
                         10B6-10BB              6
                         1800-1EC4            6C5
        CONST            0003-0008              6           2
                         0800-0801              2
                         10B6-10BB              6
                         1800-1EC4            100
        EEDATA           2100-21FF            100           2
        ENTRY            0003-0008              6           2
                         0800-0801              2
                         10B6-10BB              6
                         1800-1EC4            100
        RAM              006E-006F              2           1
                         00DE-00EF             12
                         0110-016F             60
                         0190-01EF             60
        SFR0             0000-001F             20           1
        SFR1             0080-009F             20           1
        SFR2             0100-010F             10           1
        SFR3             0180-018F             10           1
        STRCODE          0003-0008              6           2
                         0800-0801              2
                         10B6-10BB              6
                         1800-1EC4            6C5
        STRING           0003-0008              6           2
                         0800-0801              2
                         10B6-10BB              6
                         1800-1EC4            100

                                  Symbol Table

?__Umul8_16               cstackCOMMON 0070
?___awdiv                 cstackCOMMON 0077
?___awmod                 cstackCOMMON 0070
?___fladd                 cstackBANK0  0052
?___flmul                 cstackBANK0  0024
?___flneg                 cstackCOMMON 0070
?___flsub                 cstackBANK0  0066
?___fltol                 cstackBANK0  0051
?___lldiv                 cstackCOMMON 0070
?___llmod                 cstackCOMMON 0070
?___lwdiv                 cstackCOMMON 0076
?___lwmod                 cstackCOMMON 0070
?___wmul                  cstackCOMMON 0070
?___xxtofl                cstackCOMMON 0070
?__div_to_l_              cstackCOMMON 0070
?__tdiv_to_l_             cstackCOMMON 0070
?_fround                  cstackBANK0  003E
?_scale                   cstackBANK0  003E
?_sprintf                 cstackBANK1  00A0
Lcd_Cmd@a                 cstackCOMMON 0073
Lcd_Port@a                cstackCOMMON 0070
Lcd_Set_Cursor@a          cstackCOMMON 0076
Lcd_Set_Cursor@b          cstackCOMMON 0074
Lcd_Set_Cursor@temp       cstackCOMMON 0079
Lcd_Set_Cursor@y          cstackCOMMON 0078
Lcd_Set_Cursor@z          cstackCOMMON 0077
Lcd_Write_Char@a          cstackCOMMON 0074
Lcd_Write_Char@temp       cstackCOMMON 0072
Lcd_Write_Char@y          cstackCOMMON 0073
Lcd_Write_String@a        cstackCOMMON 0075
Lcd_Write_String@i        cstackCOMMON 007A
_Lcd_Clear                text26       1ED0
_Lcd_Cmd                  text27       1EDD
_Lcd_Init                 text25       1235
_Lcd_Port                 text28       1EF7
_Lcd_Set_Cursor           text24       0009
_Lcd_Write_Char           text23       1F89
_Lcd_Write_String         text22       1FBE
_PORTD                    (abs)        0008
_RD2                      (abs)        0042
_RD3                      (abs)        0043
_RD4                      (abs)        0044
_RD5                      (abs)        0045
_RD6                      (abs)        0046
_RD7                      (abs)        0047
_TRISD                    (abs)        0088
__Habs1                   abs1         0000
__Hbank0                  bank0        0000
__Hbank1                  bank1        0000
__Hbank2                  bank2        0000
__Hbank3                  bank3        0000
__Hcinit                  cinit        0800
__Hclrtext                clrtext      0000
__Hcode                   code         0000
__Hcommon                 common       0000
__Hconfig                 config       2008
__HcstackBANK0            cstackBANK0  0000
__HcstackBANK1            cstackBANK1  0000
__HcstackCOMMON           cstackCOMMON 0000
__Heeprom_data            eeprom_data  0000
__Hend_init               end_init     0003
__Hfunctab                functab      0000
__Hidloc                  idloc        2004
__Hinit                   init         0000
__Hintentry               intentry     0000
__Hmaintext               maintext     0000
__Hpowerup                powerup      0000
__Hram                    ram          0000
__Hreset_vec              reset_vec    0000
__Hsfr0                   sfr0         0000
__Hsfr1                   sfr1         0000
__Hsfr2                   sfr2         0000
__Hsfr3                   sfr3         0000
__Hspace_0                (abs)        2000
__Hspace_1                (abs)        00DE
__Hspace_2                (abs)        0000
__Hspace_3                (abs)        0000
__Hspace_4                (abs)        400F
__Hstack                  stack        0000
__Hstrings                strings      0000
__Htext                   text         0000
__Labs1                   abs1         0000
__Lbank0                  bank0        0000
__Lbank1                  bank1        0000
__Lbank2                  bank2        0000
__Lbank3                  bank3        0000
__Lcinit                  cinit        07FC
__Lclrtext                clrtext      0000
__Lcode                   code         0000
__Lcommon                 common       0000
__Lconfig                 config       0000
__LcstackBANK0            cstackBANK0  0000
__LcstackBANK1            cstackBANK1  0000
__LcstackCOMMON           cstackCOMMON 0000
__Leeprom_data            eeprom_data  0000
__Lend_init               end_init     0000
__Lfunctab                functab      0000
__Lidloc                  idloc        0000
__Linit                   init         0000
__Lintentry               intentry     0000
__Lmaintext               maintext     0000
__Lpowerup                powerup      0000
__Lram                    ram          0000
__Lreset_vec              reset_vec    0000
__Lsfr0                   sfr0         0000
__Lsfr1                   sfr1         0000
__Lsfr2                   sfr2         0000
__Lsfr3                   sfr3         0000
__Lspace_0                (abs)        0000
__Lspace_1                (abs)        0000
__Lspace_2                (abs)        0000
__Lspace_3                (abs)        0000
__Lspace_4                (abs)        0000
__Lstack                  stack        0000
__Lstrings                strings      0000
__Ltext                   text         0000
__S0                      (abs)        2000
__S1                      (abs)        00DE
__S3                      (abs)        0000
__Umul8_16                text9        1F62
__Umul8_16@multiplicand   cstackCOMMON 0070
__Umul8_16@multiplier     cstackCOMMON 0078
__Umul8_16@product        cstackCOMMON 0074
__Umul8_16@word_mpld      cstackCOMMON 0076
___awdiv                  text4        1358
___awdiv@counter          cstackBANK0  0020
___awdiv@dividend         cstackCOMMON 0079
___awdiv@divisor          cstackCOMMON 0077
___awdiv@quotient         cstackBANK0  0022
___awdiv@sign             cstackBANK0  0021
___awmod                  text3        11DC
___awmod@counter          cstackCOMMON 0075
___awmod@dividend         cstackCOMMON 0072
___awmod@divisor          cstackCOMMON 0070
___awmod@sign             cstackCOMMON 0076
___fladd                  text18       15A8
___fladd@a                cstackBANK0  0056
___fladd@aexp             cstackBANK0  0063
___fladd@b                cstackBANK0  0052
___fladd@bexp             cstackBANK0  0064
___fladd@grs              cstackBANK0  0065
___fladd@signs            cstackBANK0  0062
___fleq                   text21       113A
___fleq@ff1               cstackCOMMON 0070
___fleq@ff2               cstackCOMMON 0074
___flge                   text20       0802
___flge@ff1               cstackCOMMON 0070
___flge@ff2               cstackCOMMON 0074
___flmul                  text8        095C
___flmul@a                cstackBANK0  0028
___flmul@aexp             cstackBANK0  0036
___flmul@b                cstackBANK0  0024
___flmul@bexp             cstackBANK0  0037
___flmul@grs              cstackBANK0  0032
___flmul@prod             cstackBANK0  0038
___flmul@sign             cstackBANK0  0031
___flmul@temp             cstackBANK0  003C
___flneg                  text19       1EC5
___flneg@f1               cstackCOMMON 0070
___flsub                  text17       1F19
___flsub@a                cstackBANK0  0066
___flsub@b                cstackBANK0  006A
___fltol                  text16       13C1
___fltol@exp1             cstackBANK0  005A
___fltol@f1               cstackBANK0  0051
___fltol@sign1            cstackBANK0  0059
___int_sp                 stack        0000
___latbits                (abs)        0002
___lldiv                  text15       12F2
___lldiv@counter          cstackCOMMON 007D
___lldiv@dividend         cstackCOMMON 0074
___lldiv@divisor          cstackCOMMON 0070
___lldiv@quotient         cstackCOMMON 0079
___llmod                  text14       1188
___llmod@counter          cstackCOMMON 0079
___llmod@dividend         cstackCOMMON 0074
___llmod@divisor          cstackCOMMON 0070
___lwdiv                  text7        10F6
___lwdiv@counter          cstackCOMMON 007D
___lwdiv@dividend         cstackCOMMON 0078
___lwdiv@divisor          cstackCOMMON 0076
___lwdiv@quotient         cstackCOMMON 007B
___lwmod                  text6        10BC
___lwmod@counter          cstackCOMMON 0075
___lwmod@dividend         cstackCOMMON 0072
___lwmod@divisor          cstackCOMMON 0070
___sp                     stack        0000
___stackhi                (abs)        0000
___stacklo                (abs)        0000
___wmul                   text13       1F3D
___wmul@multiplicand      cstackCOMMON 0072
___wmul@multiplier        cstackCOMMON 0070
___wmul@product           cstackCOMMON 0074
___xxtofl                 text12       14F0
___xxtofl@arg             cstackCOMMON 007A
___xxtofl@exp             cstackCOMMON 0079
___xxtofl@sign            cstackCOMMON 0078
___xxtofl@val             cstackCOMMON 0070
__div_to_l_               text11       08A4
__div_to_l_@cntr          cstackBANK0  0024
__div_to_l_@exp1          cstackBANK0  0025
__div_to_l_@f1            cstackCOMMON 0070
__div_to_l_@f2            cstackCOMMON 0074
__div_to_l_@quot          cstackBANK0  0020
__end_of_Lcd_Clear        text26       1EDD
__end_of_Lcd_Cmd          text27       1EF7
__end_of_Lcd_Init         text25       1292
__end_of_Lcd_Port         text28       1F19
__end_of_Lcd_Set_Cursor   text24       004F
__end_of_Lcd_Write_Char   text23       1FBE
__end_of_Lcd_Write_String text22       2000
__end_of__Umul8_16        text9        1F89
__end_of___awdiv          text4        13C1
__end_of___awmod          text3        1235
__end_of___fladd          text18       1800
__end_of___fleq           text21       1188
__end_of___flge           text20       08A4
__end_of___flmul          text8        0CA1
__end_of___flneg          text19       1ED0
__end_of___flsub          text17       1F3D
__end_of___fltol          text16       1439
__end_of___lldiv          text15       1358
__end_of___llmod          text14       11DC
__end_of___lwdiv          text7        113A
__end_of___lwmod          text6        10F6
__end_of___wmul           text13       1F62
__end_of___xxtofl         text12       15A8
__end_of__div_to_l_       text11       095C
__end_of__initialization  cinit        07FC
__end_of__npowers_        strings      1078
__end_of__powers_         strings      1044
__end_of__stringtab       strings      1010
__end_of__tdiv_to_l_      text10       14F0
__end_of_dpowers          strings      10A0
__end_of_fround           text5        025A
__end_of_main             maintext     12F2
__end_of_scale            text2        1000
__end_of_sprintf          text1        07FC
__initialization          cinit        07FC
__npowers_                strings      1044
__pcstackBANK0            cstackBANK0  0020
__pcstackBANK1            cstackBANK1  00A0
__pcstackCOMMON           cstackCOMMON 0070
__pmaintext               maintext     1292
__powers_                 strings      1010
__pstrings                strings      1000
__ptext1                  text1        025A
__ptext10                 text10       1439
__ptext11                 text11       08A4
__ptext12                 text12       14F0
__ptext13                 text13       1F3D
__ptext14                 text14       1188
__ptext15                 text15       12F2
__ptext16                 text16       13C1
__ptext17                 text17       1F19
__ptext18                 text18       15A8
__ptext19                 text19       1EC5
__ptext2                  text2        0CA1
__ptext20                 text20       0802
__ptext21                 text21       113A
__ptext22                 text22       1FBE
__ptext23                 text23       1F89
__ptext24                 text24       0009
__ptext25                 text25       1235
__ptext26                 text26       1ED0
__ptext27                 text27       1EDD
__ptext28                 text28       1EF7
__ptext3                  text3        11DC
__ptext4                  text4        1358
__ptext5                  text5        004F
__ptext6                  text6        10BC
__ptext7                  text7        10F6
__ptext8                  text8        095C
__ptext9                  text9        1F62
__stringbase              strings      100F
__stringtab               strings      1000
__tdiv_to_l_              text10       1439
__tdiv_to_l_@cntr         cstackBANK0  0024
__tdiv_to_l_@exp1         cstackBANK0  0025
__tdiv_to_l_@f1           cstackCOMMON 0070
__tdiv_to_l_@f2           cstackCOMMON 0074
__tdiv_to_l_@quot         cstackBANK0  0020
_dpowers                  strings      1078
_fround                   text5        004F
_fround$767               cstackBANK0  004D
_fround$768               cstackBANK0  0049
_main                     maintext     1292
_scale                    text2        0CA1
_scale$769                cstackBANK0  004C
_sprintf                  text1        025A
_sprintf$770              cstackBANK1  00AA
btemp                     (abs)        007E
end_of_initialization     cinit        07FC
fround@prec               cstackBANK0  0051
intlevel0                 functab      0000
intlevel1                 functab      0000
intlevel2                 functab      0000
intlevel3                 functab      0000
intlevel4                 functab      0000
intlevel5                 functab      0000
main@array                cstackBANK1  00C6
main@temperature          cstackBANK1  00DA
reset_vec                 reset_vec    0000
scale@scl                 cstackBANK0  0050
sprintf@ap                cstackBANK1  00AE
sprintf@c                 cstackBANK1  00C2
sprintf@eexp              cstackBANK1  00B7
sprintf@f                 cstackBANK1  00A0
sprintf@flag              cstackBANK1  00AF
sprintf@fval              cstackBANK1  00BE
sprintf@prec              cstackBANK1  00B1
sprintf@sp                cstackBANK1  00BD
sprintf@tmpval            cstackBANK1  00B9
sprintf@val               cstackBANK1  00B3
start                     init         0000
start_initialization      cinit        07FC
wtemp0                    (abs)        007E


MODULE INFORMATION

Module		Function		Class		Link	Load	Size
C:\Program Files\Microchip\xc8\v2.40\pic\sources\c90\common\fltol.c
		___fltol       		CODE           	13C1	0000	120

C:\Program Files\Microchip\xc8\v2.40\pic\sources\c90\common\fltol.c estimated size: 120

C:\Program Files\Microchip\xc8\v2.40\pic\sources\c90\common\awdiv.c
		___awdiv       		CODE           	1358	0000	105

C:\Program Files\Microchip\xc8\v2.40\pic\sources\c90\common\awdiv.c estimated size: 105

C:\Program Files\Microchip\xc8\v2.40\pic\sources\c90\common\sprcmul.c
		___flmul       		CODE           	095C	0000	837

C:\Program Files\Microchip\xc8\v2.40\pic\sources\c90\common\sprcmul.c estimated size: 837

C:\Program Files\Microchip\xc8\v2.40\pic\sources\c90\common\__lldiv.c
		___lldiv       		CODE           	12F2	0000	102

C:\Program Files\Microchip\xc8\v2.40\pic\sources\c90\common\__lldiv.c estimated size: 102

C:\Program Files\Microchip\xc8\v2.40\pic\sources\c90\common\flneg.c
		___flneg       		CODE           	1EC5	0000	11

C:\Program Files\Microchip\xc8\v2.40\pic\sources\c90\common\flneg.c estimated size: 11

C:\Program Files\Microchip\xc8\v2.40\pic\sources\c90\common\fleq.c
		___fleq        		CODE           	113A	0000	78

C:\Program Files\Microchip\xc8\v2.40\pic\sources\c90\common\fleq.c estimated size: 78

C:\Program Files\Microchip\xc8\v2.40\pic\sources\c90\common\Umul8_16.c
		__Umul8_16     		CODE           	1F62	0000	39

C:\Program Files\Microchip\xc8\v2.40\pic\sources\c90\common\Umul8_16.c estimated size: 39

C:\Program Files\Microchip\xc8\v2.40\pic\sources\c90\common\doprnt.c
		_scale         		CODE           	0CA1	0000	863
		_sprintf       		CODE           	025A	0000	1442
		_fround        		CODE           	004F	0000	523

C:\Program Files\Microchip\xc8\v2.40\pic\sources\c90\common\doprnt.c estimated size: 2828

C:\Program Files\Microchip\xc8\v2.40\pic\sources\c90\common\ftdivl.c
		__tdiv_to_l_   		CODE           	1439	0000	183

C:\Program Files\Microchip\xc8\v2.40\pic\sources\c90\common\ftdivl.c estimated size: 183

C:\Program Files\Microchip\xc8\v2.40\pic\sources\c90\common\Umul16.c
		___wmul        		CODE           	1F3D	0000	37

C:\Program Files\Microchip\xc8\v2.40\pic\sources\c90\common\Umul16.c estimated size: 37

C:\Program Files\Microchip\xc8\v2.40\pic\sources\c90\common\lwmod.c
		___lwmod       		CODE           	10BC	0000	58

C:\Program Files\Microchip\xc8\v2.40\pic\sources\c90\common\lwmod.c estimated size: 58

shared
		__stringtab    		STRING         	1000	0000	16
		__powers_      		STRING         	1010	0000	52
		_dpowers       		STRING         	1078	0000	40
		__npowers_     		STRING         	1044	0000	52
		__initialization		CODE           	07FC	0000	1

shared estimated size: 161

C:\Program Files\Microchip\xc8\v2.40\pic\sources\c90\common\llmod.c
		___llmod       		CODE           	1188	0000	84

C:\Program Files\Microchip\xc8\v2.40\pic\sources\c90\common\llmod.c estimated size: 84

C:\Program Files\Microchip\xc8\v2.40\pic\sources\c90\common\sprcadd.c
		___flsub       		CODE           	1F19	0000	36
		___fladd       		CODE           	15A8	0000	600

C:\Program Files\Microchip\xc8\v2.40\pic\sources\c90\common\sprcadd.c estimated size: 636

C:\Program Files\Microchip\xc8\v2.40\pic\include\lcd.h
		_Lcd_Write_String		CODE           	1FBE	0000	66
		_Lcd_Init      		CODE           	1235	0000	93
		_Lcd_Write_Char		CODE           	1F89	0000	53
		_Lcd_Cmd       		CODE           	1EDD	0000	26
		_Lcd_Set_Cursor		CODE           	0009	0000	70
		_Lcd_Clear     		CODE           	1ED0	0000	13
		_Lcd_Port      		CODE           	1EF7	0000	34

C:\Program Files\Microchip\xc8\v2.40\pic\include\lcd.h estimated size: 355

C:\Program Files\Microchip\xc8\v2.40\pic\sources\c90\common\awmod.c
		___awmod       		CODE           	11DC	0000	89

C:\Program Files\Microchip\xc8\v2.40\pic\sources\c90\common\awmod.c estimated size: 89

C:\Program Files\Microchip\xc8\v2.40\pic\sources\c90\common\flge.c
		___flge        		CODE           	0802	0000	162

C:\Program Files\Microchip\xc8\v2.40\pic\sources\c90\common\flge.c estimated size: 162

main.c
		_main          		CODE           	1292	0000	96

main.c estimated size: 96

C:\Program Files\Microchip\xc8\v2.40\pic\sources\c90\common\fldivl.c
		__div_to_l_    		CODE           	08A4	0000	184

C:\Program Files\Microchip\xc8\v2.40\pic\sources\c90\common\fldivl.c estimated size: 184

C:\Program Files\Microchip\xc8\v2.40\pic\sources\c90\common\lwdiv.c
		___lwdiv       		CODE           	10F6	0000	68

C:\Program Files\Microchip\xc8\v2.40\pic\sources\c90\common\lwdiv.c estimated size: 68

C:\Program Files\Microchip\xc8\v2.40\pic\sources\c90\common\xxtofl.c
		___xxtofl      		CODE           	14F0	0000	184

C:\Program Files\Microchip\xc8\v2.40\pic\sources\c90\common\xxtofl.c estimated size: 184

