Microchip MPLAB XC8 Compiler V2.40

Linker command line:

-W-3 \
  --edf=C:\Program Files\Microchip\xc8\v2.40\pic\dat\20220703182018_en.msgs \
  -cn -h+dist/default/production\LCD_KAYAN_YAZI.X.production.sym \
  --cmf=dist/default/production\LCD_KAYAN_YAZI.X.production.cmf -z \
  -Q16F877A -oC:\Users\IIIIII~1\AppData\Local\Temp\xcAsfk0.4 \
  --defsym=__MPLAB_BUILD=1 --fixupoverflow=error \
  -Mdist/default/production/LCD_KAYAN_YAZI.X.production.map \
  --md=C:\Users\IIIIII~1\AppData\Local\Temp\xcAsfk0.dat -E1 \
  -ver=XC8 Compiler --acfsm=1493 -ACODE=00h-07FFhx4 -ASTRCODE=00h-01FFFh \
  -ASTRING=00h-0FFhx32 -ACONST=00h-0FFhx32 -AENTRY=00h-0FFhx32 \
  -ACOMMON=070h-07Fh -ABANK0=020h-06Fh -ABANK1=0A0h-0EFh \
  -ABANK2=0110h-016Fh -ABANK3=0190h-01EFh \
  -ARAM=020h-06Fh,0A0h-0EFh,0110h-016Fh,0190h-01EFh \
  -AABS1=020h-07Fh,0A0h-0EFh,0110h-016Fh,0190h-01EFh -ASFR0=00h-01Fh \
  -ASFR1=080h-09Fh -ASFR2=0100h-010Fh -ASFR3=0180h-018Fh \
  -ACONFIG=02007h-02007h -DCONFIG=2 -AIDLOC=02000h-02003h -DIDLOC=2 \
  -AEEDATA=00h-0FFh/02100h -peeprom_data=EEDATA -DEEDATA=2 -DCODE=2 \
  -DSTRCODE=2 -DSTRING=2 -DCONST=2 -DENTRY=2 \
  -preset_vec=00h,intentry,init,end_init -ppowerup=CODE -pcinit=CODE \
  -pfunctab=ENTRY -k C:\Users\IIIIII~1\AppData\Local\Temp\xcAsfk0.o \
  dist/default/production\LCD_KAYAN_YAZI.X.production.o 

Object code version is 3.11

Machine type is 16F877A



                Name                               Link     Load   Length Selector   Space Scale
C:\Users\IIIIII~1\AppData\Local\Temp\xcAsfk0.o
                end_init                              0        0        3        0       0
                config                             2007     2007        1        0       4
                idloc                              2000     2000        4        0       5
dist/default/production\LCD_KAYAN_YAZI.X.production.o
                cinit                               7FC      7FC        4      FF8       0
                config                             2007     2007        1        0       4
                idloc                              2000     2000        4        0       5
                text9                               665      665       22      CCA       0
                text8                               64B      64B       1A      C96       0
                text7                               624      624        D      C48       0
                text6                               727      727       5D      E4E       0
                text5                               6E1      6E1       46      DC2       0
                text4                               631      631        D      C62       0
                text3                               63E      63E        D      C7C       0
                text2                               6AC      6AC       35      D58       0
                text1                               687      687       25      D0E       0
                maintext                            784      784       78      F08       0
                cstackBANK0                          20       20        4       20       1
                cstackCOMMON                         70       70        D       70       1
                strings                               3        3       15        6       0

TOTAL           Name                               Link     Load   Length     Space
        CLASS   CODE           
                end_init                              0        0        3         0
                cinit                               7FC      7FC        4         0
                text9                               665      665       22         0
                text8                               64B      64B       1A         0
                text7                               624      624        D         0
                text6                               727      727       5D         0
                text5                               6E1      6E1       46         0
                text4                               631      631        D         0
                text3                               63E      63E        D         0
                text2                               6AC      6AC       35         0
                text1                               687      687       25         0
                maintext                            784      784       78         0

        CLASS   STRCODE        

        CLASS   STRING         
                strings                               3        3       15         0

        CLASS   CONST          

        CLASS   ENTRY          

        CLASS   COMMON         
                cstackCOMMON                         70       70        D         1

        CLASS   BANK0          
                cstackBANK0                          20       20        4         1

        CLASS   BANK1          

        CLASS   BANK2          

        CLASS   BANK3          

        CLASS   RAM            

        CLASS   ABS1           
                abs_s1                               7E       7E        2         1

        CLASS   SFR0           

        CLASS   SFR1           

        CLASS   SFR2           

        CLASS   SFR3           

        CLASS   CONFIG         
                config                             2007     2007        1         4

        CLASS   IDLOC          
                idloc                              2000     2000        4         5

        CLASS   EEDATA         

        CLASS   STACK          



SEGMENTS        Name                           Load    Length   Top    Selector   Space  Class     Delta

                reset_vec                      000000  000003  000003         0       0  CODE        2
                strings                        000003  000015  000018         6       0  STRING      2
                cstackBANK0                    000020  000004  000024        20       1  BANK0       1
                cstackCOMMON                   000070  00000D  00007D        70       1  COMMON      1
                text7                          000624  00000D  000631       C48       0  CODE        2
                text4                          000631  00000D  00063E       C62       0  CODE        2
                text3                          00063E  00000D  00064B       C7C       0  CODE        2
                text8                          00064B  00001A  000665       C96       0  CODE        2
                text9                          000665  000022  000687       CCA       0  CODE        2
                text1                          000687  000025  0006AC       D0E       0  CODE        2
                text2                          0006AC  000035  0006E1       D58       0  CODE        2
                text5                          0006E1  000046  000727       DC2       0  CODE        2
                text6                          000727  00005D  000784       E4E       0  CODE        2
                maintext                       000784  000078  0007FC       F08       0  CODE        2
                cinit                          0007FC  000004  000800       FF8       0  CODE        2


UNUSED ADDRESS RANGES

        Name                Unused          Largest block    Delta
        BANK0            0024-006F             4C           1
        BANK1            00A0-00EF             50           1
        BANK2            0110-016F             60           1
        BANK3            0190-01EF             60           1
        CODE             0018-0623            60C           2
                         0800-1FFF            800
        COMMON           007D-007D              1           1
        CONST            0018-0623            100           2
                         0800-1FFF            100
        EEDATA           2100-21FF            100           2
        ENTRY            0018-0623            100           2
                         0800-1FFF            100
        RAM              0024-006F             4C           1
                         00A0-00EF             50
                         0110-016F             60
                         0190-01EF             60
        SFR0             0000-001F             20           1
        SFR1             0080-009F             20           1
        SFR2             0100-010F             10           1
        SFR3             0180-018F             10           1
        STRCODE          0018-0623            60C           2
                         0800-1FFF           1800
        STRING           0018-0623            100           2
                         0800-1FFF            100

                                  Symbol Table

Lcd_Cmd@a                 cstackCOMMON 0073
Lcd_Port@a                cstackCOMMON 0070
Lcd_Set_Cursor@a          cstackCOMMON 0076
Lcd_Set_Cursor@b          cstackCOMMON 0074
Lcd_Set_Cursor@temp       cstackCOMMON 0079
Lcd_Set_Cursor@y          cstackCOMMON 0078
Lcd_Set_Cursor@z          cstackCOMMON 0077
Lcd_Write_Char@a          cstackCOMMON 0074
Lcd_Write_Char@temp       cstackCOMMON 0072
Lcd_Write_Char@y          cstackCOMMON 0073
Lcd_Write_String@a        cstackCOMMON 0077
Lcd_Write_String@i        cstackCOMMON 0075
_Lcd_Clear                text7        0624
_Lcd_Cmd                  text8        064B
_Lcd_Init                 text6        0727
_Lcd_Port                 text9        0665
_Lcd_Set_Cursor           text5        06E1
_Lcd_Shift_Left           text4        0631
_Lcd_Shift_Right          text3        063E
_Lcd_Write_Char           text2        06AC
_Lcd_Write_String         text1        0687
_PORTD                    (abs)        0008
_RD2                      (abs)        0042
_RD3                      (abs)        0043
_RD4                      (abs)        0044
_RD5                      (abs)        0045
_RD6                      (abs)        0046
_RD7                      (abs)        0047
_TRISD                    (abs)        0088
__Habs1                   abs1         0000
__Hbank0                  bank0        0000
__Hbank1                  bank1        0000
__Hbank2                  bank2        0000
__Hbank3                  bank3        0000
__Hcinit                  cinit        0800
__Hclrtext                clrtext      0000
__Hcode                   code         0000
__Hcommon                 common       0000
__Hconfig                 config       2008
__HcstackBANK0            cstackBANK0  0000
__HcstackCOMMON           cstackCOMMON 0000
__Heeprom_data            eeprom_data  0000
__Hend_init               end_init     0003
__Hfunctab                functab      0000
__Hidloc                  idloc        2004
__Hinit                   init         0000
__Hintentry               intentry     0000
__Hmaintext               maintext     0000
__Hpowerup                powerup      0000
__Hram                    ram          0000
__Hreset_vec              reset_vec    0000
__Hsfr0                   sfr0         0000
__Hsfr1                   sfr1         0000
__Hsfr2                   sfr2         0000
__Hsfr3                   sfr3         0000
__Hspace_0                (abs)        0800
__Hspace_1                (abs)        007D
__Hspace_2                (abs)        0000
__Hspace_3                (abs)        0000
__Hspace_4                (abs)        400F
__Hstack                  stack        0000
__Hstrings                strings      0000
__Htext                   text         0000
__Labs1                   abs1         0000
__Lbank0                  bank0        0000
__Lbank1                  bank1        0000
__Lbank2                  bank2        0000
__Lbank3                  bank3        0000
__Lcinit                  cinit        07FC
__Lclrtext                clrtext      0000
__Lcode                   code         0000
__Lcommon                 common       0000
__Lconfig                 config       0000
__LcstackBANK0            cstackBANK0  0000
__LcstackCOMMON           cstackCOMMON 0000
__Leeprom_data            eeprom_data  0000
__Lend_init               end_init     0000
__Lfunctab                functab      0000
__Lidloc                  idloc        0000
__Linit                   init         0000
__Lintentry               intentry     0000
__Lmaintext               maintext     0000
__Lpowerup                powerup      0000
__Lram                    ram          0000
__Lreset_vec              reset_vec    0000
__Lsfr0                   sfr0         0000
__Lsfr1                   sfr1         0000
__Lsfr2                   sfr2         0000
__Lsfr3                   sfr3         0000
__Lspace_0                (abs)        0000
__Lspace_1                (abs)        0000
__Lspace_2                (abs)        0000
__Lspace_3                (abs)        0000
__Lspace_4                (abs)        0000
__Lstack                  stack        0000
__Lstrings                strings      0000
__Ltext                   text         0000
__S0                      (abs)        0800
__S1                      (abs)        007D
__S3                      (abs)        0000
___int_sp                 stack        0000
___latbits                (abs)        0002
___sp                     stack        0000
___stackhi                (abs)        0000
___stacklo                (abs)        0000
__end_of_Lcd_Clear        text7        0631
__end_of_Lcd_Cmd          text8        0665
__end_of_Lcd_Init         text6        0784
__end_of_Lcd_Port         text9        0687
__end_of_Lcd_Set_Cursor   text5        0727
__end_of_Lcd_Shift_Left   text4        063E
__end_of_Lcd_Shift_Right  text3        064B
__end_of_Lcd_Write_Char   text2        06E1
__end_of_Lcd_Write_String text1        06AC
__end_of__initialization  cinit        07FC
__end_of__stringtab       strings      0009
__end_of_main             maintext     07FC
__initialization          cinit        07FC
__pcstackBANK0            cstackBANK0  0020
__pcstackCOMMON           cstackCOMMON 0070
__pmaintext               maintext     0784
__pstrings                strings      0003
__ptext1                  text1        0687
__ptext2                  text2        06AC
__ptext3                  text3        063E
__ptext4                  text4        0631
__ptext5                  text5        06E1
__ptext6                  text6        0727
__ptext7                  text7        0624
__ptext8                  text8        064B
__ptext9                  text9        0665
__stringbase              strings      0008
__stringtab               strings      0003
_main                     maintext     0784
btemp                     (abs)        007E
end_of_initialization     cinit        07FC
intlevel0                 functab      0000
intlevel1                 functab      0000
intlevel2                 functab      0000
intlevel3                 functab      0000
intlevel4                 functab      0000
intlevel5                 functab      0000
main@i                    cstackBANK0  0020
main@i_71                 cstackBANK0  0022
reset_vec                 reset_vec    0000
start                     init         0000
start_initialization      cinit        07FC
wtemp0                    (abs)        007E


MODULE INFORMATION

Module		Function		Class		Link	Load	Size
shared
		__stringtab    		STRING         	0003	0000	6
		__initialization		CODE           	07FC	0000	1

shared estimated size: 7

C:\Program Files\Microchip\xc8\v2.40\pic\include\lcd.h
		_Lcd_Write_String		CODE           	0687	0000	37
		_Lcd_Shift_Left		CODE           	0631	0000	13
		_Lcd_Init      		CODE           	0727	0000	93
		_Lcd_Write_Char		CODE           	06AC	0000	53
		_Lcd_Cmd       		CODE           	064B	0000	26
		_Lcd_Shift_Right		CODE           	063E	0000	13
		_Lcd_Set_Cursor		CODE           	06E1	0000	70
		_Lcd_Clear     		CODE           	0624	0000	13
		_Lcd_Port      		CODE           	0665	0000	34

C:\Program Files\Microchip\xc8\v2.40\pic\include\lcd.h estimated size: 352

main.c
		_main          		CODE           	0784	0000	120

main.c estimated size: 120

