Microchip MPLAB XC8 Compiler V2.40

Linker command line:

-W-3 \
  --edf=C:\Program Files\Microchip\xc8\v2.40\pic\dat\20220703182018_en.msgs \
  -cn -h+dist/default/production\2x16_LCD_EKRAN_TERMOMETRE.X.production.sym \
  --cmf=dist/default/production\2x16_LCD_EKRAN_TERMOMETRE.X.production.cmf \
  -z -Q16F887 -oC:\Users\IIIIII~1\AppData\Local\Temp\xcAs11rk.4 \
  --defsym=__MPLAB_BUILD=1 --fixupoverflow=error \
  -Mdist/default/production/2x16_LCD_EKRAN_TERMOMETRE.X.production.map \
  --md=C:\Users\IIIIII~1\AppData\Local\Temp\xcAs11rk.dat -E1 \
  -ver=XC8 Compiler --acfsm=1493 -ACODE=00h-07FFhx4 -ASTRCODE=00h-01FFFh \
  -ASTRING=00h-0FFhx32 -ACONST=00h-0FFhx32 -AENTRY=00h-0FFhx32 \
  -ACOMMON=070h-07Fh -ABANK0=020h-06Fh -ABANK1=0A0h-0EFh \
  -ABANK2=0110h-016Fh -ABANK3=0190h-01EFh \
  -ARAM=020h-06Fh,0A0h-0EFh,0110h-016Fh,0190h-01EFh \
  -AABS1=020h-07Fh,0A0h-0EFh,0110h-016Fh,0190h-01EFh -ASFR0=00h-01Fh \
  -ASFR1=080h-09Fh -ASFR2=0100h-010Fh -ASFR3=0180h-018Fh \
  -ACONFIG=02007h-02008h -DCONFIG=2 -AIDLOC=02000h-02003h -DIDLOC=2 \
  -AEEDATA=00h-0FFh/02100h -peeprom_data=EEDATA -DEEDATA=2 -DCODE=2 \
  -DSTRCODE=2 -DSTRING=2 -DCONST=2 -DENTRY=2 \
  -preset_vec=00h,intentry,init,end_init -ppowerup=CODE -pcinit=CODE \
  -pfunctab=ENTRY -k C:\Users\IIIIII~1\AppData\Local\Temp\xcAs11rk.o \
  dist/default/production\2x16_LCD_EKRAN_TERMOMETRE.X.production.o 

Object code version is 3.11

Machine type is 16F887



                Name                               Link     Load   Length Selector   Space Scale
C:\Users\IIIIII~1\AppData\Local\Temp\xcAs11rk.o
                end_init                              0        0        3        0       0
                config                             2007     2007        2        0       4
                idloc                              2000     2000        4        0       5
dist/default/production\2x16_LCD_EKRAN_TERMOMETRE.X.production.o
                cinit                               7EB      7EB       15      FD6       0
                config                             2007     2007        2        0       4
                idloc                              2000     2000        4        0       5
                text14                              368      368       20      6D0       0
                text13                              349      349       1F      692       0
                text12                              3AD      3AD       26      75A       0
                text11                              32C      32C       1D      658       0
                text10                              310      310       1C      620       0
                text9                               55B      55B       61      AB6       0
                text8                               4FF      4FF       5C      9FE       0
                text7                               3D3      3D3       2D      7A6       0
                text6                               5BC      5BC       93      B78       0
                text5                               400      400       36      800       0
                text4                               4B6      4B6       49      96C       0
                text3                               472      472       44      8E4       0
                text2                               436      436       3C      86C       0
                text1                               388      388       25      710       0
                maintext                            64F      64F      19C      C9E       0
                cstackBANK0                          2B       2B        9       20       1
                cstackCOMMON                         70       70        E       70       1
                inittext                            2FD      2FD       13      5FA       0
                dataBANK0                            20       20        B       20       1
                bssBANK0                             35       35        2       20       1
                bitbssBANK0                         1A0       34        2       20       1     8
                strings                               3        3       58        6       0
                idataBANK0                          2F2      2F2        B      5E4       0

TOTAL           Name                               Link     Load   Length     Space
        CLASS   CODE           
                end_init                              0        0        3         0
                cinit                               7EB      7EB       15         0
                text14                              368      368       20         0
                text13                              349      349       1F         0
                text12                              3AD      3AD       26         0
                text11                              32C      32C       1D         0
                text10                              310      310       1C         0
                text9                               55B      55B       61         0
                text8                               4FF      4FF       5C         0
                text7                               3D3      3D3       2D         0
                text6                               5BC      5BC       93         0
                text5                               400      400       36         0
                text4                               4B6      4B6       49         0
                text3                               472      472       44         0
                text2                               436      436       3C         0
                text1                               388      388       25         0
                maintext                            64F      64F      19C         0
                inittext                            2FD      2FD       13         0
                idataBANK0                          2F2      2F2        B         0

        CLASS   STRCODE        

        CLASS   STRING         
                strings                               3        3       58         0

        CLASS   CONST          

        CLASS   ENTRY          

        CLASS   COMMON         
                cstackCOMMON                         70       70        E         1

        CLASS   BANK0          
                cstackBANK0                          2B       2B        9         1
                dataBANK0                            20       20        B         1
                bssBANK0                             35       35        2         1
                bitbssBANK0                         1A0       34        2         1

        CLASS   BANK1          

        CLASS   BANK2          

        CLASS   BANK3          

        CLASS   RAM            

        CLASS   ABS1           
                abs_s1                               7E       7E        2         1

        CLASS   SFR0           

        CLASS   SFR1           

        CLASS   SFR2           

        CLASS   SFR3           

        CLASS   CONFIG         
                config                             2007     2007        2         4

        CLASS   IDLOC          
                idloc                              2000     2000        4         5

        CLASS   EEDATA         

        CLASS   STACK          



SEGMENTS        Name                           Load    Length   Top    Selector   Space  Class     Delta

                reset_vec                      000000  000003  000003         0       0  CODE        2
                strings                        000003  000058  00005B         6       0  STRING      2
                dataBANK0                      000020  000017  000037        20       1  BANK0       1
                cstackCOMMON                   000070  00000E  00007E        70       1  COMMON      1
                idataBANK0                     0002F2  00000B  0002FD       5E4       0  CODE        2
                inittext                       0002FD  000013  000310       5FA       0  CODE        2
                text10                         000310  00001C  00032C       620       0  CODE        2
                text11                         00032C  00001D  000349       658       0  CODE        2
                text13                         000349  00001F  000368       692       0  CODE        2
                text14                         000368  000020  000388       6D0       0  CODE        2
                text1                          000388  000025  0003AD       710       0  CODE        2
                text12                         0003AD  000026  0003D3       75A       0  CODE        2
                text7                          0003D3  00002D  000400       7A6       0  CODE        2
                text5                          000400  000036  000436       800       0  CODE        2
                text2                          000436  00003C  000472       86C       0  CODE        2
                text3                          000472  000044  0004B6       8E4       0  CODE        2
                text4                          0004B6  000049  0004FF       96C       0  CODE        2
                text8                          0004FF  00005C  00055B       9FE       0  CODE        2
                text9                          00055B  000061  0005BC       AB6       0  CODE        2
                text6                          0005BC  000093  00064F       B78       0  CODE        2
                maintext                       00064F  00019C  0007EB       C9E       0  CODE        2
                cinit                          0007EB  000015  000800       FD6       0  CODE        2


UNUSED ADDRESS RANGES

        Name                Unused          Largest block    Delta
        BANK0            0037-006F             39           1
        BANK1            00A0-00EF             50           1
        BANK2            0110-016F             60           1
        BANK3            0190-01EF             60           1
        CODE             005B-02F1            297           2
                         0800-1FFF            800
        CONST            005B-02F1            100           2
                         0800-1FFF            100
        EEDATA           2100-21FF            100           2
        ENTRY            005B-02F1            100           2
                         0800-1FFF            100
        RAM              0037-006F             39           1
                         00A0-00EF             50
                         0110-016F             60
                         0190-01EF             60
        SFR0             0000-001F             20           1
        SFR1             0080-009F             20           1
        SFR2             0100-010F             10           1
        SFR3             0180-018F             10           1
        STRCODE          005B-02F1            297           2
                         0800-1FFF           1800
        STRING           005B-02F1            100           2
                         0800-1FFF            100

                                  Symbol Table

?_DS18B20_Read              cstackCOMMON 0075
?___lwdiv                   cstackCOMMON 0076
?___lwmod                   cstackBANK0  002B
?___wmul                    cstackCOMMON 0070
DS18B20_Read@raw_temp_value cstackCOMMON 0079
DS18B20_Read_Bit@value      bitbssBANK0  01A0
DS18B20_Read_Byte@i         cstackCOMMON 0074
DS18B20_Read_Byte@value     cstackCOMMON 0073
DS18B20_Write_Bit@value     cstackCOMMON 0071
DS18B20_Write_Byte@i        cstackCOMMON 0074
DS18B20_Write_Byte@value    cstackCOMMON 0073
LCD_Cmd@Command             cstackCOMMON 0074
LCD_Goto@col                cstackCOMMON 0078
LCD_Goto@row                cstackCOMMON 0075
LCD_Print@LCD_Str           cstackCOMMON 0072
LCD_Print@i                 cstackCOMMON 0075
LCD_Write_Nibble@n          cstackCOMMON 0071
_ANSELH                     (abs)        0189
_DS18B20_Read               text9        055B
_DS18B20_Read_Bit           text14       0368
_DS18B20_Read_Byte          text13       0349
_DS18B20_Start              text12       03AD
_DS18B20_Write_Bit          text11       032C
_DS18B20_Write_Byte         text10       0310
_LCD_Begin                  text6        05BC
_LCD_Cmd                    text7        03D3
_LCD_Goto                   text5        0400
_LCD_Print                  text4        04B6
_LCD_Write_Nibble           text8        04FF
_OSCCON                     (abs)        008F
_RB1                        (abs)        0031
_RD2                        (abs)        0042
_RD3                        (abs)        0043
_RD4                        (abs)        0044
_RD5                        (abs)        0045
_RD6                        (abs)        0046
_RD7                        (abs)        0047
_RS                         bitbssBANK0  01A1
_TRISB1                     (abs)        0431
_TRISD2                     (abs)        0442
_TRISD3                     (abs)        0443
_TRISD4                     (abs)        0444
_TRISD5                     (abs)        0445
_TRISD6                     (abs)        0446
_TRISD7                     (abs)        0447
__Habs1                     abs1         0000
__Hbank0                    bank0        0000
__Hbank1                    bank1        0000
__Hbank2                    bank2        0000
__Hbank3                    bank3        0000
__HbitbssBANK0              bitbssBANK0  0000
__HbssBANK0                 bssBANK0     0000
__Hcinit                    cinit        0800
__Hclrtext                  clrtext      0000
__Hcode                     code         0000
__Hcommon                   common       0000
__Hconfig                   config       2009
__HcstackBANK0              cstackBANK0  0000
__HcstackCOMMON             cstackCOMMON 0000
__HdataBANK0                dataBANK0    0000
__Heeprom_data              eeprom_data  0000
__Hend_init                 end_init     0003
__Hfunctab                  functab      0000
__HidataBANK0               idataBANK0   0000
__Hidloc                    idloc        2004
__Hinit                     init         0000
__Hinittext                 inittext     0000
__Hintentry                 intentry     0000
__Hmaintext                 maintext     0000
__Hpowerup                  powerup      0000
__Hram                      ram          0000
__Hreset_vec                reset_vec    0000
__Hsfr0                     sfr0         0000
__Hsfr1                     sfr1         0000
__Hsfr2                     sfr2         0000
__Hsfr3                     sfr3         0000
__Hspace_0                  (abs)        0800
__Hspace_1                  (abs)        01A2
__Hspace_2                  (abs)        0000
__Hspace_3                  (abs)        0000
__Hspace_4                  (abs)        4010
__Hstack                    stack        0000
__Hstrings                  strings      0000
__Htext                     text         0000
__Labs1                     abs1         0000
__Lbank0                    bank0        0000
__Lbank1                    bank1        0000
__Lbank2                    bank2        0000
__Lbank3                    bank3        0000
__LbitbssBANK0              bitbssBANK0  0000
__LbssBANK0                 bssBANK0     0000
__Lcinit                    cinit        07EB
__Lclrtext                  clrtext      0000
__Lcode                     code         0000
__Lcommon                   common       0000
__Lconfig                   config       0000
__LcstackBANK0              cstackBANK0  0000
__LcstackCOMMON             cstackCOMMON 0000
__LdataBANK0                dataBANK0    0000
__Leeprom_data              eeprom_data  0000
__Lend_init                 end_init     0000
__Lfunctab                  functab      0000
__LidataBANK0               idataBANK0   0000
__Lidloc                    idloc        0000
__Linit                     init         0000
__Linittext                 inittext     0000
__Lintentry                 intentry     0000
__Lmaintext                 maintext     0000
__Lpowerup                  powerup      0000
__Lram                      ram          0000
__Lreset_vec                reset_vec    0000
__Lsfr0                     sfr0         0000
__Lsfr1                     sfr1         0000
__Lsfr2                     sfr2         0000
__Lsfr3                     sfr3         0000
__Lspace_0                  (abs)        0000
__Lspace_1                  (abs)        0000
__Lspace_2                  (abs)        0000
__Lspace_3                  (abs)        0000
__Lspace_4                  (abs)        0000
__Lstack                    stack        0000
__Lstrings                  strings      0000
__Ltext                     text         0000
__S0                        (abs)        0800
__S1                        (abs)        007E
__S3                        (abs)        0000
___int_sp                   stack        0000
___latbits                  (abs)        0002
___lwdiv                    text3        0472
___lwdiv@counter            cstackCOMMON 007D
___lwdiv@dividend           cstackCOMMON 0078
___lwdiv@divisor            cstackCOMMON 0076
___lwdiv@quotient           cstackCOMMON 007B
___lwmod                    text2        0436
___lwmod@counter            cstackBANK0  0030
___lwmod@dividend           cstackBANK0  002D
___lwmod@divisor            cstackBANK0  002B
___sp                       stack        0000
___stackhi                  (abs)        0000
___stacklo                  (abs)        0000
___wmul                     text1        0388
___wmul@multiplicand        cstackCOMMON 0072
___wmul@multiplier          cstackCOMMON 0070
___wmul@product             cstackCOMMON 0074
__end_of_DS18B20_Read       text9        05BC
__end_of_DS18B20_Read_Bit   text14       0388
__end_of_DS18B20_Read_Byte  text13       0368
__end_of_DS18B20_Start      text12       03D3
__end_of_DS18B20_Write_Bit  text11       0349
__end_of_DS18B20_Write_Byte text10       032C
__end_of_LCD_Begin          text6        064F
__end_of_LCD_Cmd            text7        0400
__end_of_LCD_Goto           text5        0436
__end_of_LCD_Print          text4        04FF
__end_of_LCD_Write_Nibble   text8        055B
__end_of___lwdiv            text3        04B6
__end_of___lwmod            text2        0472
__end_of___wmul             text1        03AD
__end_of__initialization    cinit        07FC
__end_of__stringtab         strings      0013
__end_of_main               maintext     07EB
__initialization            cinit        07EB
__pbitbssBANK0              bitbssBANK0  01A0
__pbssBANK0                 bssBANK0     0035
__pcstackBANK0              cstackBANK0  002B
__pcstackCOMMON             cstackCOMMON 0070
__pdataBANK0                dataBANK0    0020
__pidataBANK0               idataBANK0   02F2
__pmaintext                 maintext     064F
__pstrings                  strings      0003
__ptext1                    text1        0388
__ptext10                   text10       0310
__ptext11                   text11       032C
__ptext12                   text12       03AD
__ptext13                   text13       0349
__ptext14                   text14       0368
__ptext2                    text2        0436
__ptext3                    text3        0472
__ptext4                    text4        04B6
__ptext5                    text5        0400
__ptext6                    text6        05BC
__ptext7                    text7        03D3
__ptext8                    text8        04FF
__ptext9                    text9        055B
__stringbase                strings      0012
__stringtab                 strings      0003
_main                       maintext     064F
_raw_temp                   bssBANK0     0035
_temp                       dataBANK0    0020
btemp                       (abs)        007E
end_of_initialization       cinit        07FC
init_fetch0                 inittext     02FD
init_ram0                   inittext     0301
intlevel0                   functab      0000
intlevel1                   functab      0000
intlevel2                   functab      0000
intlevel3                   functab      0000
intlevel4                   functab      0000
intlevel5                   functab      0000
reset_vec                   reset_vec    0000
start                       init         0000
start_initialization        cinit        07EB
wtemp0                      (abs)        007E


MODULE INFORMATION

Module		Function		Class		Link	Load	Size
./LCD.h
		_LCD_Cmd       		CODE           	03D3	0000	45
		_LCD_Begin     		CODE           	05BC	0000	147
		_LCD_Goto      		CODE           	0400	0000	54
		_LCD_Print     		CODE           	04B6	0000	73
		_LCD_Write_Nibble		CODE           	04FF	0000	92

./LCD.h estimated size: 411

C:\Program Files\Microchip\xc8\v2.40\pic\sources\c90\common\Umul16.c
		___wmul        		CODE           	0388	0000	37

C:\Program Files\Microchip\xc8\v2.40\pic\sources\c90\common\Umul16.c estimated size: 37

C:\Program Files\Microchip\xc8\v2.40\pic\sources\c90\common\lwmod.c
		___lwmod       		CODE           	0436	0000	60

C:\Program Files\Microchip\xc8\v2.40\pic\sources\c90\common\lwmod.c estimated size: 60

shared
		__stringtab    		STRING         	0003	0000	16
		__initialization		CODE           	07EB	0000	17

shared estimated size: 33

main.c
		_DS18B20_Read  		CODE           	055B	0000	97
		_DS18B20_Read_Bit		CODE           	0368	0000	32
		_DS18B20_Start 		CODE           	03AD	0000	38
		_main          		CODE           	064F	0000	412
		_DS18B20_Read_Byte		CODE           	0349	0000	31
		_DS18B20_Write_Bit		CODE           	032C	0000	29
		_DS18B20_Write_Byte		CODE           	0310	0000	28

main.c estimated size: 667

C:\Program Files\Microchip\xc8\v2.40\pic\sources\c90\common\lwdiv.c
		___lwdiv       		CODE           	0472	0000	68

C:\Program Files\Microchip\xc8\v2.40\pic\sources\c90\common\lwdiv.c estimated size: 68

